
> react-typescript-starter@0.1.0 test
> react-scripts test "--coverage"

FAIL src/Tests/App.test.tsx (5.156 s)
  ● Plan view tests › Course Pool button works

    TestingLibraryElementError: Unable to find an element by: [data-testid="coursePoolButton"]

    Ignored nodes: comments, <script />, <style />
    [36m<body[39m
      [33mclass[39m=[32m""[39m
      [33mstyle[39m=[32m"padding-right: 1024px;"[39m
    [36m>[39m
      [36m<div>[39m
        [36m<div[39m
          [33mclass[39m=[32m"App"[39m
        [36m>[39m
          [36m<img[39m
            [33mdata-testid[39m=[32m"header-image"[39m
            [33mheight[39m=[32m"100%"[39m
            [33msrc[39m=[32m"NonBlurryBannerMaybe.png"[39m
            [33mwidth[39m=[32m"100%"[39m
          [36m/>[39m
          [36m<div>[39m
            [36m<p />[39m
            [36m<div>[39m
              [36m<button[39m
                [33mclass[39m=[32m"btn btn-light"[39m
                [33mtype[39m=[32m"button"[39m
              [36m>[39m
                [0mClick here for how to begin![0m
              [36m</button>[39m
            [36m</div>[39m
            [36m<p />[39m
          [36m</div>[39m
          [36m<div[39m
            [33mclass[39m=[32m"row"[39m
          [36m>[39m
            [36m<div[39m
              [33mclass[39m=[32m"col"[39m
            [36m>[39m
              [36m<h2>[39m
                [36m<b>[39m
                  [0m [0m
                  [0mTeam 23 Auto Generated Plan[0m
                  [0m [0m
                [36m</b>[39m
                [36m<p />[39m
              [36m</h2>[39m
              [36m<button[39m
                [33mclass[39m=[32m"me-4 btn btn-primary"[39m
                [33mdata-testid[39m=[32m"addNewPlanButton"[39m
                [33mtype[39m=[32m"button"[39m
              [36m>[39m
                [0mAdd New Plan[0m
              [36m</button>[39m
              [0m  [0m
              [36m<button[39m
                [33mclass[39m=[32m"btn btn-secondary"[39m
                [33mdata-testid[39m=[32m"changePlanButton"[39m
                [33mtype[39m=[32m"button"[39m
              [36m>[39m
                [0mChange Plan[0m
              [36m</button>[39m
              [36m<p />[39m
              [36m<div>[39m
                [36m<button[39m
                  [33mclass[39m=[32m"btn btn-info"[39m
                  [33mdata-testid[39m=[32m"exportCSVButton"[39m
                  [33mtype[39m=[32m"button"[39m
                [36m>[39m
                  [0mExport CSV[0m
                [36m</button>[39m
              [36m</div>[39m
              [36m<p />[39m
              [36m<div[39m
                [33mclass[39m=[32m"vstack gap-3"[39m
              [36m>[39m
                [36m<div[39m
                  [33mclass[39m=[32m"bg-light border m-2 p-2"[39m
                [36m>[39m
                  [36m<div[39m
                    [33mclass[39m=[32m"container"[39m
                  [36m>[39m
                    [36m<div[39m
                      [33mclass[39m=[32m"row"[39m
                    [36m>[39m
                      [36m<div[39m
                        [33mclass[39m=[32m"col"[39m
                      [36m>[39m
                        [36m<h3>[39m
                          [36m<b>[39m
                            [0mSpring 2022[0m
                          [36m</b>[39m
                        [36m</h3>[39m
                      [36m</div>[39m
                    [36m</div>[39m
                    [36m<div[39m
                      [33mclass[39m=[32m"row"[39m
                    [36m>[39m
                      [36m<p>[39m
                        [36m<b>[39m
                          [0m Notes: [0m
                        [36m</b>[39m
                        [0m [0m
                        [0mSemester description[0m
                      [36m</p>[39m
                    [36m</div>[39m
                    [36m<div[39m
                      [33mclass[39m=[32m"row"[39m
                    [36m>[39m
                      [36m<p>[39m
                        [36m<b>[39m
                          [0m Credits: [0m
                        [36m</b>[39m
                        [0m [0m
                        [0m9[0m
                      [36m</p>[39m
                    [36m</div>[39m
                    [36m<div[39m
                      [33mclass[39m=[32m"row"[39m
                    [36m>[39m
                      [36m<p>[39m
                        [36m<u>[39m
                          [36m<b>[39m
                            [0mCourses[0m
                          [36m</b>[39m
                        [36m</u>[39m
                      [36m</p>[39m
                      [36m<div[39m
                        [33mclass[39m=[32m"col-sm-4"[39m
                      [36m>[39m
                        [36m<div>[39m
                          [36m<div[39m
                            [33mclass[39m=[32m"App-allignleft"[39m
                          [36m>[39m
                            [36m<button[39m
                              [33mclass[39m=[32m"btn btn-primary"[39m
                              [33mtype[39m=[32m"button"[39m
                            [36m>[39m
                              [0m [0m
                              [0mCISC 101[0m
                              [0m [0m
                            [36m</button>[39m
                          [36m</div>[39m
                        [36m</div>[39m
                        [36m<p />[39m
                      [36m</div>[39m
                      [36m<div[39m
                        [33mclass[39m=[32m"col-sm-4"[39m
                      [36m>[39m
                        [36m<div>[39m
                          [36m<div[39m
                            [33mclass[39m=[32m"App-allignleft"[39m
                          [36m>[39m
                            [36m<button[39m
                              [33mclass[39m=[32m"btn btn-primary"[39m
                              [33mtype[39m=[32m"button"[39m
                            [36m>[39m
                              [0m [0m
                              [0mCISC 103[0m
                              [0m [0m
                            [36m</button>[39m
                          [36m</div>[39m
                        [36m</div>[39m
                        [36m<p />[39m
                      [36m</div>[39m
                      [36m<div[39m
                        [33mclass[39m=[32m"col-sm-4"[39m
                      [36m>[39m
                        [36m<div>[39m
                          [36m<div[39m
                            [33mclass[39m=[32m"App-allignleft"[39m
                          [36m>[39m
                            [36m<button[39m
                              [33mclass[39m=[32m"btn btn-primary"[39m
                              [33mtype[39m=[32m"button"[39m
                            [36m>[39m
                              [0m [0m
                              [0mCISC 106[0m
                              [0m [0m
                            [36m</button>[39m
                          [36m</div>[39m
                        [36m</div>[39m
                        [36m<p />[39m
                      [36m</div>[39m
                    [36m</div>[39m
                    [36m<p />[39m
                    [36m<div[39m
                      [33mclass[39m=[32m"row"[39m
                    [36m>[39m
                      [36m<div[39m
                        [33mclass[39m=[32m"col"[39m
                      [36m>[39m
                        [36m<button[39m
                          [33mclass[39m=[32m"btn btn-success"[39m
                          [33mdata-testid[39m=[32m"addCourseButton"[39m
                          [33mtype[39m=[32m"button"[39m
                        [36m>[39m
                          [0mAdd Course[0m
                        [36m</button>[39m
                        [0m  [0m
                        [36m<button[39m
                          [33mclass[39m=[32m"btn btn-warning"[39m
                          [33mdata-testid[39m=[32m"clearAllCoursesButton"[39m
                          [33mtype[39m=[32m"button"[39m
                        [36m>[39m
                          [0mClear All Courses[0m
                        [36m</button>[39m
                        [0m  [0m
                        [36m<button[39m
                          [33mclass[39m=[32m"btn btn-danger"[39m
                          [33mdata-testid[39m=[32m"editSemesterDetailsButton"[39m
                          [33mtype[39m=[32m"button"[39m
                        [36m>[39m
                          [0mEdit Semester Details[0m
                        [36m</button>[39m
                      [36m</div>[39m
                    [36m</div>[39m
                  [36m</div>[39m
                [36m</div>[39m
                [36m<div[39m
                  [33mclass[39m=[32m"bg-light border m-2 p-2"[39m
                [36m>[39m
                  [36m<div[39m
                    [33mclass[39m=[32m"container"[39m
                  [36m>[39m
                    [36m<div[39m
                      [33mclass[39m=[32m"row"[39m
                    [36m>[39m
                      [36m<div[39m
                        [33mclass[39m=[32m"col"[39m
                      [36m>[39m
                        [36m<h3>[39m
                          [36m<b>[39m
                            [0mFall 2022[0m
                          [36m</b>[39m
                        [36m</h3>[39m
                      [36m</div>[39m
                    [36m</div>[39m
                    [36m<div[39m
                      [33mclass[39m=[32m"row"[39m
                    [36m>[39m
                      [36m<p>[39m
                        [36m<b>[39m
                          [0m Notes: [0m
                        [36m</b>[39m
                        [0m [0m
                        [0mSemester description[0m
                      [36m</p>[39m
                    [36m</div>[39m
                    [36m<div[39m
                      [33mclass[39m=[32m"row"[39m
                    [36m>[39m
                      [36m<p>[39m
                        [36m<b>[39m
                          [0m Credits: [0m
                        [36m</b>[39m
                        [0m [0m
                        [0m6[0m
                      [36m</p>[39m
                    [36m</div>[39m
                    [36m<div[39m
                      [33mclass[39m=[32m"row"[39m
                    [36m>[39m
                      [36m<p>[39m
                        [36m<u>[39m
                          [36m<b>[39m
                            [0mCourses[0m
                          [36m</b>[39m
                        [36m</u>[39m
                      [36m</p>[39m
                      [36m<div[39m
                        [33mclass[39m=[32m"col-sm-4"[39m
                      [36m>[39m
                        [36m<div>[39m
                          [36m<div[39m
                            [33mclass[39m=[32m"App-allignleft"[39m
                          [36m>[39m
                            [36m<button[39m
                              [33mclass[39m=[32m"btn btn-primary"[39m
                              [33mtype[39m=[32m"button"[39m
                            [36m>[39m
                              [0m [0m
                              [0mCISC 106[0m
                              [0m [0m
                            [36m</button>[39m
                          [36m</div>[39m
                        [36m</div>[39m
                        [36m<p />[39m
                      [36m</div>[39m
                      [36m<div[39m
                        [33mclass[39m=[32m"col-sm-4"[39m
                      [36m>[39m
                        [36m<div>[39m
                          [36m<div[39m
                            [33mclass[39m=[32m"App-allignleft"[39m
                          [36m>[39m
                            [36m<button[39m
                              [33mclass[39m=[32m"btn btn-primary"[39m
                              [33mtype[39m=[32m"button"[39m
                            [36m>[39m
                              [0m [0m
                              [0mCISC 108[0m
                              [0m [0m
                            [36m</button>[39m
                          [36m</div>[39m
                        [36m</div>[39m
                        [36m<p />[39m
                      [36m</div>[39m
                    [36m</div>[39m
                    [36m<p />[39m
                    [36m<div[39m
                      [33mclass[39m=[32m"row"[39m
                    [36m>[39m
                      [36m<div[39m
                        [33mclass[39m=[32m"col"[39m
                      [36m>[39m
                        [36m<button[39m
                          [33mclass[39m=[32m"btn btn-success"[39m
                          [33mdata-testid[39m=[32m"addCourseButton"[39m
                          [33mtype[39m=[32m"button"[39m
                        [36m>[39m
                          [0mAdd Course[0m
                        [36m</button>[39m
                        [0m  [0m
                        [36m<button[39m
                          [33mclass[39m=[32m"btn btn-warning"[39m
                          [33mdata-testid[39m=[32m"clearAllCoursesButton"[39m
                          [33mtype[39m=[32m"button"[39m
                        [36m>[39m
                          [0mClear All Courses[0m
                        [36m</button>[39m
                        [0m  [0m
                        [36m<button[39m
                          [33mclass[39m=[32m"btn btn-danger"[39m
                          [33mdata-testid[39m=[32m"editSemesterDetailsButton"[39m
                          [33mtype[39m=[32m"button"[39m
                        [36m>[39m
                          [0mEdit Semester Details[0m
                        [36m</button>[39m
                      [36m</div>[39m
                    [36m</div>[39m
                  [36m</div>[39m
                [36m</div>[39m
              [36m</div>[39m
              [36m<div[39m
                [33mclass[39m=[32m"row"[39m
              [36m>[39m
                [36m<div[39m
                  [33mclass[39m=[32m"col"[39m
                [36m>[39m
                  [36m<button[39m
                    [33mclass[39m=[32m"btn btn-light"[39m
                    [33mdata-testid[39m=[32m"addNewSemesterButton"[39m
                    [33mtype[39m=[32m"button"[39m
                  [36m>[39m
                    [0mAdd New Semester[0m
                  [36m</button>[39m
                  [36m<p />[39m
                  [36m<button[39m
                    [33mclass[39m=[32m"me-4 btn btn-secondary"[39m
                    [33mdata-testid[39m=[32m"editThisPlanButton"[39m
                    [33mtype[39m=[32m"button"[39m
                  [36m>[39m
                    [0mEdit This Plan[0m
                  [36m</button>[39m
                  [0m  [0m
                  [36m<button[39m
                    [33mclass[39m=[32m"me-4 btn btn-warning"[39m
                    [33mdata-testid[39m=[32m"clearThisPlanButton"[39m
                    [33mtype[39m=[32m"button"[39m
                  [36m>[39m
                    [0mClear This Plan[0m
                  [36m</button>[39m
                  [0m  [0m
                  [36m<button[39m
                    [33mclass[39m=[32m"btn btn-danger"[39m
                    [33mdata-testid[39m=[32m"deleteThisPlanButton"[39m
                    [33mtype[39m=[32m"button"[39m
                  [36m>[39m
                    [0mDelete This Plan[0m
                  [36m</button>[39m
                  [36m<p />[39m
                [36m</div>[39m
              [36m</div>[39m
            [36m</div>[39m
            [36m<div[39m
              [33mclass[39m=[32m"col-4"[39m
            [36m>[39m
              [36m<div[39m
                [33mclass[39m=[32m"bg-white border m-2 p-2"[39m
              [36m>[39m
                [36m<div[39m
                  [33mclass[39m=[32m"container"[39m
                [36m>[39m
                  [36m<h4>[39m
                    [36m<b>[39m
                      [36m<u>[39m
                        [0mDegree Requirements[0m
                      [36m</u>[39m
                    [36m</b>[39m
                  [36m</h4>[39m
                  [36m<div>[39m
                    [36m<button[39m
                      [33mclass[39m=[32m"btn btn-secondary"[39m
                      [33mdata-testid[39m=[32m"displayCoursePoolButton"[39m
                      [33mtype[39m=[32m"button"[39m
                    [36m>[39m
                      [0mCourse Pool[0m
                    [36m</button>[39m
                    [36m<p />[39m
                    [36m<button[39m
                      [33mclass[39m=[32m"btn btn-outline-success"[39m
                      [33mtype[39m=[32m"button"[39m
                    [36m>[39m
                      [0mChoose your Concentration[0m
                    [36m</button>[39m
                    [36m<p />[39m
                    [36m<p />[39m
                    [36m<p>[39m
                      [0mConcentration: [0m
                      [0mAI[0m
                    [36m</p>[39m
                    [36m<p />[39m
                    [36m<p>[39m
                      [0mTotal Credits: [0m
                      [0m0[0m
                      [0m / 124[0m
                    [36m</p>[39m
                    [36m<p />[39m
                    [36m<b>[39m
                      [36m<u>[39m
                        [0mCore Requirements:[0m
                      [36m</u>[39m
                    [36m</b>[39m
                  [36m</div>[39m
                  [36m<p />[39m
                  [36m<table[39m
                    [33mclass[39m=[32m"table table-striped table-bordered table-hover"[39m
                  [36m>[39m
                    [36m<thead>[39m
                      [36m<tr>[39m
                        [36m<th>[39m
                          [36m<b>[39m
                            [0mClass[0m
                          [36m</b>[39m
                        [36m</th>[39m
                        [36m<th>[39m
                          [36m<b>[39m
                            [0mTaken[0m
                          [36m</b>[39m
                        [36m</th>[39m
                      [36m</tr>[39m
                    [36m</thead>[39m
                    [36m<tbody>[39m
                      [36m<tr>[39m
                        [36m<td>[39m
                          [0mCISC 108[0m
                        [36m</td>[39m
                        [36m<td>[39m
                          [0m✔️[0m
                        [36m</td>[39m
                      [36m</tr>[39m
                      [36m<tr>[39m
                        [36m<td>[39m
                          [0mCISC 181[0m
                        [36m</td>[39m
                        [36m<td>[39m
                          [0m❌[0m
                        [36m</td>[39m
                      [36m</tr>[39m
                      [36m<tr>[39m
                        [36m<td>[39m
                          [0mCISC 210[0m
                        [36m</td>[39m
                        [36m<td>[39m
                          [0m❌[0m
                        [36m</td>[39m
                      [36m</tr>[39m
                      [36m<tr>[39m
                        [36m<td>[39m
                          [0mCISC 220[0m
                        [36m</td>[39m
                        [36m<td>[39m
                          [0m❌[0m
                        [36m</td>[39m
                      [36m</tr>[39m
                      [36m<tr>[39m
                        [36m<td>[39m
                          [0mCISC 260[0m
                        [36m</td>[39m
                        [36m<td>[39m
                          [0m❌[0m
                        [36m</td>[39m
                      [36m</tr>[39m
                      [36m<tr>[39m
                        [36m<td>[39m
                          [0mCISC 275[0m
                        [36m</td>[39m
                        [36m<td>[39m
                          [0m❌[0m
                        [36m</td>[39m
                      [36m</tr>[39m
                      [36m<tr>[39m
                        [36m<td>[39m
                          [0mCISC 303[0m
                        [36m</td>[39m
                        [36m<td>[39m
                          [0m❌[0m
                        [36m</td>[39m
                      [36m</tr>[39m
                      [36m<tr>[39m
                        [36m<td>[39m
                          [0mCISC 320[0m
                        [36m</td>[39m
                        [36m<td>[39m
                          [0m❌[0m
                        [36m</td>[39m
                      [36m</tr>[39m
                      [36m<tr>[39m
                        [36m<td>[39m
                          [0mMATH 210[0m
                        [36m</td>[39m
                        [36m<td>[39m
                          [0m❌[0m
                        [36m</td>[39m
                      [36m</tr>[39m
                      [36m<tr>[39m
                        [36m<td>[39m
                          [0mMATH 241[0m
                        [36m</td>[39m
                        [36m<td>[39m
                          [0m❌[0m
                        [36m</td>[39m
                      [36m</tr>[39m
                    [36m</tbody>[39m
                  [36m</table>[39m
                  [36m<p />[39m
                  [36m<div>[39m
                    [36m<b>[39m
                      [36m<u>[39m
                        [0mConcentration Requirements:[0m
                      [36m</u>[39m
                    [36m</b>[39m
                  [36m</div>[39m
                  [36m<p />[39m
                [36m</div>[39m
                [36m<table[39m
                  [33mclass[39m=[32m"table table-striped table-bordered table-hover"[39m
                [36m>[39m
                  [36m<thead>[39m
                    [36m<tr>[39m
                      [36m<th>[39m
                        [36m<b>[39m
                          [0mClass[0m
                        [36m</b>[39m
                      [36m</th>[39m
                      [36m<th>[39m
                        [36m<b>[39m
                          [0mTaken[0m
                        [36m</b>[39m
                      [36m</th>[39m
                    [36m</tr>[39m
                  [36m</thead>[39m
                  [36m<tbody>[39m
                    [36m<tr>[39m
                      [36m<td>[39m
                        [0mCISC 304[0m
                      [36m</td>[39m
                      [36m<td>[39m
                        [0m❌[0m
                      [36m</td>[39m
                    [36m</tr>[39m
                    [36m<tr>[39m
                      [36m<td>[39m
                        [0mCISC 442[0m
                      [36m</td>[39m
                      [36m<td>[39m
                        [0m❌[0m
                      [36m</td>[39m
                    [36m</tr>[39m
                    [36m<tr>[39m
                      [36m<td>[39m
                        [0mCISC 481[0m
                      [36m</td>[39m
                      [36m<td>[39m
                        [0m❌[0m
                      [36m</td>[39m
                    [36m</tr>[39m
                    [36m<tr>[39m
                      [36m<td>[39m
                        [0mCISC 483[0m
                      [36m</td>[39m
                      [36m<td>[39m
                        [0m❌[0m
                      [36m</td>[39m
                    [36m</tr>[39m
                    [36m<tr>[39m
                      [36m<td>[39m
                        [0mCISC 484[0m
                      [36m</td>[39m
                      [36m<td>[39m
                        [0m❌[0m
                      [36m</td>[39m
                    [36m</tr>[39m
                  [36m</tbody>[39m
                [36m</table>[39m
              [36m</div>[39m
            [36m</div>[39m
          [36m</div>[39m
        [36m</div>[39m
      [36m</div>[39m
    [36m</body>[39m

      30 |
      31 |     test("Course Pool button works", () => {
    > 32 |         const coursePoolButton = screen.getByTestId("coursePoolButton");
         |                                         ^
      33 |         coursePoolButton.click();
      34 |     });
      35 |

      at Object.getElementError (node_modules/@testing-library/dom/dist/config.js:38:19)
      at node_modules/@testing-library/dom/dist/query-helpers.js:90:38
      at node_modules/@testing-library/dom/dist/query-helpers.js:62:17
      at getByTestId (node_modules/@testing-library/dom/dist/query-helpers.js:111:19)
      at Object.<anonymous> (src/Tests/App.test.tsx:32:41)

PASS src/Tests/SemesterView.test.tsx
PASS src/Tests/ClearSemester.test.tsx
PASS src/Tests/DeletePlan.test.tsx
PASS src/Tests/ClearPlan.test.tsx
PASS src/Tests/SemesterEditor.test.tsx
PASS src/Tests/EditPlan.test.tsx
FAIL src/Tests/DisplayCoursePool.test.tsx
  ● Display Course Pool Component Tests › Test for the close button within the Display Course Pool Modal

    TestingLibraryElementError: Unable to find an element by: [data-testid="coursePoolButton"]

    Ignored nodes: comments, <script />, <style />
    [36m<body>[39m
      [36m<div>[39m
        [36m<div[39m
          [33mclass[39m=[32m"App"[39m
        [36m>[39m
          [36m<img[39m
            [33mdata-testid[39m=[32m"header-image"[39m
            [33mheight[39m=[32m"100%"[39m
            [33msrc[39m=[32m"NonBlurryBannerMaybe.png"[39m
            [33mwidth[39m=[32m"100%"[39m
          [36m/>[39m
          [36m<div>[39m
            [36m<p />[39m
            [36m<div>[39m
              [36m<button[39m
                [33mclass[39m=[32m"btn btn-light"[39m
                [33mtype[39m=[32m"button"[39m
              [36m>[39m
                [0mClick here for how to begin![0m
              [36m</button>[39m
            [36m</div>[39m
            [36m<p />[39m
          [36m</div>[39m
          [36m<div[39m
            [33mclass[39m=[32m"row"[39m
          [36m>[39m
            [36m<div[39m
              [33mclass[39m=[32m"col"[39m
            [36m>[39m
              [36m<h2>[39m
                [36m<b>[39m
                  [0m [0m
                  [0mTeam 23 Auto Generated Plan[0m
                  [0m [0m
                [36m</b>[39m
                [36m<p />[39m
              [36m</h2>[39m
              [36m<button[39m
                [33mclass[39m=[32m"me-4 btn btn-primary"[39m
                [33mdata-testid[39m=[32m"addNewPlanButton"[39m
                [33mtype[39m=[32m"button"[39m
              [36m>[39m
                [0mAdd New Plan[0m
              [36m</button>[39m
              [0m  [0m
              [36m<button[39m
                [33mclass[39m=[32m"btn btn-secondary"[39m
                [33mdata-testid[39m=[32m"changePlanButton"[39m
                [33mtype[39m=[32m"button"[39m
              [36m>[39m
                [0mChange Plan[0m
              [36m</button>[39m
              [36m<p />[39m
              [36m<div>[39m
                [36m<button[39m
                  [33mclass[39m=[32m"btn btn-info"[39m
                  [33mdata-testid[39m=[32m"exportCSVButton"[39m
                  [33mtype[39m=[32m"button"[39m
                [36m>[39m
                  [0mExport CSV[0m
                [36m</button>[39m
              [36m</div>[39m
              [36m<p />[39m
              [36m<div[39m
                [33mclass[39m=[32m"vstack gap-3"[39m
              [36m>[39m
                [36m<div[39m
                  [33mclass[39m=[32m"bg-light border m-2 p-2"[39m
                [36m>[39m
                  [36m<div[39m
                    [33mclass[39m=[32m"container"[39m
                  [36m>[39m
                    [36m<div[39m
                      [33mclass[39m=[32m"row"[39m
                    [36m>[39m
                      [36m<div[39m
                        [33mclass[39m=[32m"col"[39m
                      [36m>[39m
                        [36m<h3>[39m
                          [36m<b>[39m
                            [0mSpring 2022[0m
                          [36m</b>[39m
                        [36m</h3>[39m
                      [36m</div>[39m
                    [36m</div>[39m
                    [36m<div[39m
                      [33mclass[39m=[32m"row"[39m
                    [36m>[39m
                      [36m<p>[39m
                        [36m<b>[39m
                          [0m Notes: [0m
                        [36m</b>[39m
                        [0m [0m
                        [0mSemester description[0m
                      [36m</p>[39m
                    [36m</div>[39m
                    [36m<div[39m
                      [33mclass[39m=[32m"row"[39m
                    [36m>[39m
                      [36m<p>[39m
                        [36m<b>[39m
                          [0m Credits: [0m
                        [36m</b>[39m
                        [0m [0m
                        [0m9[0m
                      [36m</p>[39m
                    [36m</div>[39m
                    [36m<div[39m
                      [33mclass[39m=[32m"row"[39m
                    [36m>[39m
                      [36m<p>[39m
                        [36m<u>[39m
                          [36m<b>[39m
                            [0mCourses[0m
                          [36m</b>[39m
                        [36m</u>[39m
                      [36m</p>[39m
                      [36m<div[39m
                        [33mclass[39m=[32m"col-sm-4"[39m
                      [36m>[39m
                        [36m<div>[39m
                          [36m<div[39m
                            [33mclass[39m=[32m"App-allignleft"[39m
                          [36m>[39m
                            [36m<button[39m
                              [33mclass[39m=[32m"btn btn-primary"[39m
                              [33mtype[39m=[32m"button"[39m
                            [36m>[39m
                              [0m [0m
                              [0mCISC 101[0m
                              [0m [0m
                            [36m</button>[39m
                          [36m</div>[39m
                        [36m</div>[39m
                        [36m<p />[39m
                      [36m</div>[39m
                      [36m<div[39m
                        [33mclass[39m=[32m"col-sm-4"[39m
                      [36m>[39m
                        [36m<div>[39m
                          [36m<div[39m
                            [33mclass[39m=[32m"App-allignleft"[39m
                          [36m>[39m
                            [36m<button[39m
                              [33mclass[39m=[32m"btn btn-primary"[39m
                              [33mtype[39m=[32m"button"[39m
                            [36m>[39m
                              [0m [0m
                              [0mCISC 103[0m
                              [0m [0m
                            [36m</button>[39m
                          [36m</div>[39m
                        [36m</div>[39m
                        [36m<p />[39m
                      [36m</div>[39m
                      [36m<div[39m
                        [33mclass[39m=[32m"col-sm-4"[39m
                      [36m>[39m
                        [36m<div>[39m
                          [36m<div[39m
                            [33mclass[39m=[32m"App-allignleft"[39m
                          [36m>[39m
                            [36m<button[39m
                              [33mclass[39m=[32m"btn btn-primary"[39m
                              [33mtype[39m=[32m"button"[39m
                            [36m>[39m
                              [0m [0m
                              [0mCISC 106[0m
                              [0m [0m
                            [36m</button>[39m
                          [36m</div>[39m
                        [36m</div>[39m
                        [36m<p />[39m
                      [36m</div>[39m
                    [36m</div>[39m
                    [36m<p />[39m
                    [36m<div[39m
                      [33mclass[39m=[32m"row"[39m
                    [36m>[39m
                      [36m<div[39m
                        [33mclass[39m=[32m"col"[39m
                      [36m>[39m
                        [36m<button[39m
                          [33mclass[39m=[32m"btn btn-success"[39m
                          [33mdata-testid[39m=[32m"addCourseButton"[39m
                          [33mtype[39m=[32m"button"[39m
                        [36m>[39m
                          [0mAdd Course[0m
                        [36m</button>[39m
                        [0m  [0m
                        [36m<button[39m
                          [33mclass[39m=[32m"btn btn-warning"[39m
                          [33mdata-testid[39m=[32m"clearAllCoursesButton"[39m
                          [33mtype[39m=[32m"button"[39m
                        [36m>[39m
                          [0mClear All Courses[0m
                        [36m</button>[39m
                        [0m  [0m
                        [36m<button[39m
                          [33mclass[39m=[32m"btn btn-danger"[39m
                          [33mdata-testid[39m=[32m"editSemesterDetailsButton"[39m
                          [33mtype[39m=[32m"button"[39m
                        [36m>[39m
                          [0mEdit Semester Details[0m
                        [36m</button>[39m
                      [36m</div>[39m
                    [36m</div>[39m
                  [36m</div>[39m
                [36m</div>[39m
                [36m<div[39m
                  [33mclass[39m=[32m"bg-light border m-2 p-2"[39m
                [36m>[39m
                  [36m<div[39m
                    [33mclass[39m=[32m"container"[39m
                  [36m>[39m
                    [36m<div[39m
                      [33mclass[39m=[32m"row"[39m
                    [36m>[39m
                      [36m<div[39m
                        [33mclass[39m=[32m"col"[39m
                      [36m>[39m
                        [36m<h3>[39m
                          [36m<b>[39m
                            [0mFall 2022[0m
                          [36m</b>[39m
                        [36m</h3>[39m
                      [36m</div>[39m
                    [36m</div>[39m
                    [36m<div[39m
                      [33mclass[39m=[32m"row"[39m
                    [36m>[39m
                      [36m<p>[39m
                        [36m<b>[39m
                          [0m Notes: [0m
                        [36m</b>[39m
                        [0m [0m
                        [0mSemester description[0m
                      [36m</p>[39m
                    [36m</div>[39m
                    [36m<div[39m
                      [33mclass[39m=[32m"row"[39m
                    [36m>[39m
                      [36m<p>[39m
                        [36m<b>[39m
                          [0m Credits: [0m
                        [36m</b>[39m
                        [0m [0m
                        [0m6[0m
                      [36m</p>[39m
                    [36m</div>[39m
                    [36m<div[39m
                      [33mclass[39m=[32m"row"[39m
                    [36m>[39m
                      [36m<p>[39m
                        [36m<u>[39m
                          [36m<b>[39m
                            [0mCourses[0m
                          [36m</b>[39m
                        [36m</u>[39m
                      [36m</p>[39m
                      [36m<div[39m
                        [33mclass[39m=[32m"col-sm-4"[39m
                      [36m>[39m
                        [36m<div>[39m
                          [36m<div[39m
                            [33mclass[39m=[32m"App-allignleft"[39m
                          [36m>[39m
                            [36m<button[39m
                              [33mclass[39m=[32m"btn btn-primary"[39m
                              [33mtype[39m=[32m"button"[39m
                            [36m>[39m
                              [0m [0m
                              [0mCISC 106[0m
                              [0m [0m
                            [36m</button>[39m
                          [36m</div>[39m
                        [36m</div>[39m
                        [36m<p />[39m
                      [36m</div>[39m
                      [36m<div[39m
                        [33mclass[39m=[32m"col-sm-4"[39m
                      [36m>[39m
                        [36m<div>[39m
                          [36m<div[39m
                            [33mclass[39m=[32m"App-allignleft"[39m
                          [36m>[39m
                            [36m<button[39m
                              [33mclass[39m=[32m"btn btn-primary"[39m
                              [33mtype[39m=[32m"button"[39m
                            [36m>[39m
                              [0m [0m
                              [0mCISC 108[0m
                              [0m [0m
                            [36m</button>[39m
                          [36m</div>[39m
                        [36m</div>[39m
                        [36m<p />[39m
                      [36m</div>[39m
                    [36m</div>[39m
                    [36m<p />[39m
                    [36m<div[39m
                      [33mclass[39m=[32m"row"[39m
                    [36m>[39m
                      [36m<div[39m
                        [33mclass[39m=[32m"col"[39m
                      [36m>[39m
                        [36m<button[39m
                          [33mclass[39m=[32m"btn btn-success"[39m
                          [33mdata-testid[39m=[32m"addCourseButton"[39m
                          [33mtype[39m=[32m"button"[39m
                        [36m>[39m
                          [0mAdd Course[0m
                        [36m</button>[39m
                        [0m  [0m
                        [36m<button[39m
                          [33mclass[39m=[32m"btn btn-warning"[39m
                          [33mdata-testid[39m=[32m"clearAllCoursesButton"[39m
                          [33mtype[39m=[32m"button"[39m
                        [36m>[39m
                          [0mClear All Courses[0m
                        [36m</button>[39m
                        [0m  [0m
                        [36m<button[39m
                          [33mclass[39m=[32m"btn btn-danger"[39m
                          [33mdata-testid[39m=[32m"editSemesterDetailsButton"[39m
                          [33mtype[39m=[32m"button"[39m
                        [36m>[39m
                          [0mEdit Semester Details[0m
                        [36m</button>[39m
                      [36m</div>[39m
                    [36m</div>[39m
                  [36m</div>[39m
                [36m</div>[39m
              [36m</div>[39m
              [36m<div[39m
                [33mclass[39m=[32m"row"[39m
              [36m>[39m
                [36m<div[39m
                  [33mclass[39m=[32m"col"[39m
                [36m>[39m
                  [36m<button[39m
                    [33mclass[39m=[32m"btn btn-light"[39m
                    [33mdata-testid[39m=[32m"addNewSemesterButton"[39m
                    [33mtype[39m=[32m"button"[39m
                  [36m>[39m
                    [0mAdd New Semester[0m
                  [36m</button>[39m
                  [36m<p />[39m
                  [36m<button[39m
                    [33mclass[39m=[32m"me-4 btn btn-secondary"[39m
                    [33mdata-testid[39m=[32m"editThisPlanButton"[39m
                    [33mtype[39m=[32m"button"[39m
                  [36m>[39m
                    [0mEdit This Plan[0m
                  [36m</button>[39m
                  [0m  [0m
                  [36m<button[39m
                    [33mclass[39m=[32m"me-4 btn btn-warning"[39m
                    [33mdata-testid[39m=[32m"clearThisPlanButton"[39m
                    [33mtype[39m=[32m"button"[39m
                  [36m>[39m
                    [0mClear This Plan[0m
                  [36m</button>[39m
                  [0m  [0m
                  [36m<button[39m
                    [33mclass[39m=[32m"btn btn-danger"[39m
                    [33mdata-testid[39m=[32m"deleteThisPlanButton"[39m
                    [33mtype[39m=[32m"button"[39m
                  [36m>[39m
                    [0mDelete This Plan[0m
                  [36m</button>[39m
                  [36m<p />[39m
                [36m</div>[39m
              [36m</div>[39m
            [36m</div>[39m
            [36m<div[39m
              [33mclass[39m=[32m"col-4"[39m
            [36m>[39m
              [36m<div[39m
                [33mclass[39m=[32m"bg-white border m-2 p-2"[39m
              [36m>[39m
                [36m<div[39m
                  [33mclass[39m=[32m"container"[39m
                [36m>[39m
                  [36m<h4>[39m
                    [36m<b>[39m
                      [36m<u>[39m
                        [0mDegree Requirements[0m
                      [36m</u>[39m
                    [36m</b>[39m
                  [36m</h4>[39m
                  [36m<div>[39m
                    [36m<button[39m
                      [33mclass[39m=[32m"btn btn-secondary"[39m
                      [33mdata-testid[39m=[32m"displayCoursePoolButton"[39m
                      [33mtype[39m=[32m"button"[39m
                    [36m>[39m
                      [0mCourse Pool[0m
                    [36m</button>[39m
                    [36m<p />[39m
                    [36m<button[39m
                      [33mclass[39m=[32m"btn btn-outline-success"[39m
                      [33mtype[39m=[32m"button"[39m
                    [36m>[39m
                      [0mChoose your Concentration[0m
                    [36m</button>[39m
                    [36m<p />[39m
                    [36m<p />[39m
                    [36m<p>[39m
                      [0mConcentration: [0m
                      [0mAI[0m
                    [36m</p>[39m
                    [36m<p />[39m
                    [36m<p>[39m
                      [0mTotal Credits: [0m
                      [0m0[0m
                      [0m / 124[0m
                    [36m</p>[39m
                    [36m<p />[39m
                    [36m<b>[39m
                      [36m<u>[39m
                        [0mCore Requirements:[0m
                      [36m</u>[39m
                    [36m</b>[39m
                  [36m</div>[39m
                  [36m<p />[39m
                  [36m<table[39m
                    [33mclass[39m=[32m"table table-striped table-bordered table-hover"[39m
                  [36m>[39m
                    [36m<thead>[39m
                      [36m<tr>[39m
                        [36m<th>[39m
                          [36m<b>[39m
                            [0mClass[0m
                          [36m</b>[39m
                        [36m</th>[39m
                        [36m<th>[39m
                          [36m<b>[39m
                            [0mTaken[0m
                          [36m</b>[39m
                        [36m</th>[39m
                      [36m</tr>[39m
                    [36m</thead>[39m
                    [36m<tbody>[39m
                      [36m<tr>[39m
                        [36m<td>[39m
                          [0mCISC 108[0m
                        [36m</td>[39m
                        [36m<td>[39m
                          [0m✔️[0m
                        [36m</td>[39m
                      [36m</tr>[39m
                      [36m<tr>[39m
                        [36m<td>[39m
                          [0mCISC 181[0m
                        [36m</td>[39m
                        [36m<td>[39m
                          [0m❌[0m
                        [36m</td>[39m
                      [36m</tr>[39m
                      [36m<tr>[39m
                        [36m<td>[39m
                          [0mCISC 210[0m
                        [36m</td>[39m
                        [36m<td>[39m
                          [0m❌[0m
                        [36m</td>[39m
                      [36m</tr>[39m
                      [36m<tr>[39m
                        [36m<td>[39m
                          [0mCISC 220[0m
                        [36m</td>[39m
                        [36m<td>[39m
                          [0m❌[0m
                        [36m</td>[39m
                      [36m</tr>[39m
                      [36m<tr>[39m
                        [36m<td>[39m
                          [0mCISC 260[0m
                        [36m</td>[39m
                        [36m<td>[39m
                          [0m❌[0m
                        [36m</td>[39m
                      [36m</tr>[39m
                      [36m<tr>[39m
                        [36m<td>[39m
                          [0mCISC 275[0m
                        [36m</td>[39m
                        [36m<td>[39m
                          [0m❌[0m
                        [36m</td>[39m
                      [36m</tr>[39m
                      [36m<tr>[39m
                        [36m<td>[39m
                          [0mCISC 303[0m
                        [36m</td>[39m
                        [36m<td>[39m
                          [0m❌[0m
                        [36m</td>[39m
                      [36m</tr>[39m
                      [36m<tr>[39m
                        [36m<td>[39m
                          [0mCISC 320[0m
                        [36m</td>[39m
                        [36m<td>[39m
                          [0m❌[0m
                        [36m</td>[39m
                      [36m</tr>[39m
                      [36m<tr>[39m
                        [36m<td>[39m
                          [0mMATH 210[0m
                        [36m</td>[39m
                        [36m<td>[39m
                          [0m❌[0m
                        [36m</td>[39m
                      [36m</tr>[39m
                      [36m<tr>[39m
                        [36m<td>[39m
                          [0mMATH 241[0m
                        [36m</td>[39m
                        [36m<td>[39m
                          [0m❌[0m
                        [36m</td>[39m
                      [36m</tr>[39m
                    [36m</tbody>[39m
                  [36m</table>[39m
                  [36m<p />[39m
                  [36m<div>[39m
                    [36m<b>[39m
                      [36m<u>[39m
                        [0mConcentration Requirements:[0m
                      [36m</u>[39m
                    [36m</b>[39m
                  [36m</div>[39m
                  [36m<p />[39m
                [36m</div>[39m
                [36m<table[39m
                  [33mclass[39m=[32m"table table-striped table-bordered table-hover"[39m
                [36m>[39m
                  [36m<thead>[39m
                    [36m<tr>[39m
                      [36m<th>[39m
                        [36m<b>[39m
                          [0mClass[0m
                        [36m</b>[39m
                      [36m</th>[39m
                      [36m<th>[39m
                        [36m<b>[39m
                          [0mTaken[0m
                        [36m</b>[39m
                      [36m</th>[39m
                    [36m</tr>[39m
                  [36m</thead>[39m
                  [36m<tbody>[39m
                    [36m<tr>[39m
                      [36m<td>[39m
                        [0mCISC 304[0m
                      [36m</td>[39m
                      [36m<td>[39m
                        [0m❌[0m
                      [36m</td>[39m
                    [36m</tr>[39m
                    [36m<tr>[39m
                      [36m<td>[39m
                        [0mCISC 442[0m
                      [36m</td>[39m
                      [36m<td>[39m
                        [0m❌[0m
                      [36m</td>[39m
                    [36m</tr>[39m
                    [36m<tr>[39m
                      [36m<td>[39m
                        [0mCISC 481[0m
                      [36m</td>[39m
                      [36m<td>[39m
                        [0m❌[0m
                      [36m</td>[39m
                    [36m</tr>[39m
                    [36m<tr>[39m
                      [36m<td>[39m
                        [0mCISC 483[0m
                      [36m</td>[39m
                      [36m<td>[39m
                        [0m❌[0m
                      [36m</td>[39m
                    [36m</tr>[39m
                    [36m<tr>[39m
                      [36m<td>[39m
                        [0mCISC 484[0m
                      [36m</td>[39m
                      [36m<td>[39m
                        [0m❌[0m
                      [36m</td>[39m
                    [36m</tr>[39m
                  [36m</tbody>[39m
                [36m</table>[39m
              [36m</div>[39m
            [36m</div>[39m
          [36m</div>[39m
        [36m</div>[39m
      [36m</div>[39m
    [36m</body>[39m

       9 |
      10 |     test("Test for the close button within the Display Course Pool Modal", () => {
    > 11 |         const coursePoolButton = screen.getByTestId("coursePoolButton");
         |                                         ^
      12 |         coursePoolButton.click();
      13 |
      14 |         const displayCoursePoolModal = screen.getByText("Course Pool:");

      at Object.getElementError (node_modules/@testing-library/dom/dist/config.js:38:19)
      at node_modules/@testing-library/dom/dist/query-helpers.js:90:38
      at node_modules/@testing-library/dom/dist/query-helpers.js:62:17
      at getByTestId (node_modules/@testing-library/dom/dist/query-helpers.js:111:19)
      at Object.<anonymous> (src/Tests/DisplayCoursePool.test.tsx:11:41)

  ● Display Course Pool Component Tests › Test for the add button within the Display Course Pool Modal

    TestingLibraryElementError: Unable to find an element by: [data-testid="coursePoolButton"]

    Ignored nodes: comments, <script />, <style />
    [36m<body>[39m
      [36m<div>[39m
        [36m<div[39m
          [33mclass[39m=[32m"App"[39m
        [36m>[39m
          [36m<img[39m
            [33mdata-testid[39m=[32m"header-image"[39m
            [33mheight[39m=[32m"100%"[39m
            [33msrc[39m=[32m"NonBlurryBannerMaybe.png"[39m
            [33mwidth[39m=[32m"100%"[39m
          [36m/>[39m
          [36m<div>[39m
            [36m<p />[39m
            [36m<div>[39m
              [36m<button[39m
                [33mclass[39m=[32m"btn btn-light"[39m
                [33mtype[39m=[32m"button"[39m
              [36m>[39m
                [0mClick here for how to begin![0m
              [36m</button>[39m
            [36m</div>[39m
            [36m<p />[39m
          [36m</div>[39m
          [36m<div[39m
            [33mclass[39m=[32m"row"[39m
          [36m>[39m
            [36m<div[39m
              [33mclass[39m=[32m"col"[39m
            [36m>[39m
              [36m<h2>[39m
                [36m<b>[39m
                  [0m [0m
                  [0mTeam 23 Auto Generated Plan[0m
                  [0m [0m
                [36m</b>[39m
                [36m<p />[39m
              [36m</h2>[39m
              [36m<button[39m
                [33mclass[39m=[32m"me-4 btn btn-primary"[39m
                [33mdata-testid[39m=[32m"addNewPlanButton"[39m
                [33mtype[39m=[32m"button"[39m
              [36m>[39m
                [0mAdd New Plan[0m
              [36m</button>[39m
              [0m  [0m
              [36m<button[39m
                [33mclass[39m=[32m"btn btn-secondary"[39m
                [33mdata-testid[39m=[32m"changePlanButton"[39m
                [33mtype[39m=[32m"button"[39m
              [36m>[39m
                [0mChange Plan[0m
              [36m</button>[39m
              [36m<p />[39m
              [36m<div>[39m
                [36m<button[39m
                  [33mclass[39m=[32m"btn btn-info"[39m
                  [33mdata-testid[39m=[32m"exportCSVButton"[39m
                  [33mtype[39m=[32m"button"[39m
                [36m>[39m
                  [0mExport CSV[0m
                [36m</button>[39m
              [36m</div>[39m
              [36m<p />[39m
              [36m<div[39m
                [33mclass[39m=[32m"vstack gap-3"[39m
              [36m>[39m
                [36m<div[39m
                  [33mclass[39m=[32m"bg-light border m-2 p-2"[39m
                [36m>[39m
                  [36m<div[39m
                    [33mclass[39m=[32m"container"[39m
                  [36m>[39m
                    [36m<div[39m
                      [33mclass[39m=[32m"row"[39m
                    [36m>[39m
                      [36m<div[39m
                        [33mclass[39m=[32m"col"[39m
                      [36m>[39m
                        [36m<h3>[39m
                          [36m<b>[39m
                            [0mSpring 2022[0m
                          [36m</b>[39m
                        [36m</h3>[39m
                      [36m</div>[39m
                    [36m</div>[39m
                    [36m<div[39m
                      [33mclass[39m=[32m"row"[39m
                    [36m>[39m
                      [36m<p>[39m
                        [36m<b>[39m
                          [0m Notes: [0m
                        [36m</b>[39m
                        [0m [0m
                        [0mSemester description[0m
                      [36m</p>[39m
                    [36m</div>[39m
                    [36m<div[39m
                      [33mclass[39m=[32m"row"[39m
                    [36m>[39m
                      [36m<p>[39m
                        [36m<b>[39m
                          [0m Credits: [0m
                        [36m</b>[39m
                        [0m [0m
                        [0m9[0m
                      [36m</p>[39m
                    [36m</div>[39m
                    [36m<div[39m
                      [33mclass[39m=[32m"row"[39m
                    [36m>[39m
                      [36m<p>[39m
                        [36m<u>[39m
                          [36m<b>[39m
                            [0mCourses[0m
                          [36m</b>[39m
                        [36m</u>[39m
                      [36m</p>[39m
                      [36m<div[39m
                        [33mclass[39m=[32m"col-sm-4"[39m
                      [36m>[39m
                        [36m<div>[39m
                          [36m<div[39m
                            [33mclass[39m=[32m"App-allignleft"[39m
                          [36m>[39m
                            [36m<button[39m
                              [33mclass[39m=[32m"btn btn-primary"[39m
                              [33mtype[39m=[32m"button"[39m
                            [36m>[39m
                              [0m [0m
                              [0mCISC 101[0m
                              [0m [0m
                            [36m</button>[39m
                          [36m</div>[39m
                        [36m</div>[39m
                        [36m<p />[39m
                      [36m</div>[39m
                      [36m<div[39m
                        [33mclass[39m=[32m"col-sm-4"[39m
                      [36m>[39m
                        [36m<div>[39m
                          [36m<div[39m
                            [33mclass[39m=[32m"App-allignleft"[39m
                          [36m>[39m
                            [36m<button[39m
                              [33mclass[39m=[32m"btn btn-primary"[39m
                              [33mtype[39m=[32m"button"[39m
                            [36m>[39m
                              [0m [0m
                              [0mCISC 103[0m
                              [0m [0m
                            [36m</button>[39m
                          [36m</div>[39m
                        [36m</div>[39m
                        [36m<p />[39m
                      [36m</div>[39m
                      [36m<div[39m
                        [33mclass[39m=[32m"col-sm-4"[39m
                      [36m>[39m
                        [36m<div>[39m
                          [36m<div[39m
                            [33mclass[39m=[32m"App-allignleft"[39m
                          [36m>[39m
                            [36m<button[39m
                              [33mclass[39m=[32m"btn btn-primary"[39m
                              [33mtype[39m=[32m"button"[39m
                            [36m>[39m
                              [0m [0m
                              [0mCISC 106[0m
                              [0m [0m
                            [36m</button>[39m
                          [36m</div>[39m
                        [36m</div>[39m
                        [36m<p />[39m
                      [36m</div>[39m
                    [36m</div>[39m
                    [36m<p />[39m
                    [36m<div[39m
                      [33mclass[39m=[32m"row"[39m
                    [36m>[39m
                      [36m<div[39m
                        [33mclass[39m=[32m"col"[39m
                      [36m>[39m
                        [36m<button[39m
                          [33mclass[39m=[32m"btn btn-success"[39m
                          [33mdata-testid[39m=[32m"addCourseButton"[39m
                          [33mtype[39m=[32m"button"[39m
                        [36m>[39m
                          [0mAdd Course[0m
                        [36m</button>[39m
                        [0m  [0m
                        [36m<button[39m
                          [33mclass[39m=[32m"btn btn-warning"[39m
                          [33mdata-testid[39m=[32m"clearAllCoursesButton"[39m
                          [33mtype[39m=[32m"button"[39m
                        [36m>[39m
                          [0mClear All Courses[0m
                        [36m</button>[39m
                        [0m  [0m
                        [36m<button[39m
                          [33mclass[39m=[32m"btn btn-danger"[39m
                          [33mdata-testid[39m=[32m"editSemesterDetailsButton"[39m
                          [33mtype[39m=[32m"button"[39m
                        [36m>[39m
                          [0mEdit Semester Details[0m
                        [36m</button>[39m
                      [36m</div>[39m
                    [36m</div>[39m
                  [36m</div>[39m
                [36m</div>[39m
                [36m<div[39m
                  [33mclass[39m=[32m"bg-light border m-2 p-2"[39m
                [36m>[39m
                  [36m<div[39m
                    [33mclass[39m=[32m"container"[39m
                  [36m>[39m
                    [36m<div[39m
                      [33mclass[39m=[32m"row"[39m
                    [36m>[39m
                      [36m<div[39m
                        [33mclass[39m=[32m"col"[39m
                      [36m>[39m
                        [36m<h3>[39m
                          [36m<b>[39m
                            [0mFall 2022[0m
                          [36m</b>[39m
                        [36m</h3>[39m
                      [36m</div>[39m
                    [36m</div>[39m
                    [36m<div[39m
                      [33mclass[39m=[32m"row"[39m
                    [36m>[39m
                      [36m<p>[39m
                        [36m<b>[39m
                          [0m Notes: [0m
                        [36m</b>[39m
                        [0m [0m
                        [0mSemester description[0m
                      [36m</p>[39m
                    [36m</div>[39m
                    [36m<div[39m
                      [33mclass[39m=[32m"row"[39m
                    [36m>[39m
                      [36m<p>[39m
                        [36m<b>[39m
                          [0m Credits: [0m
                        [36m</b>[39m
                        [0m [0m
                        [0m6[0m
                      [36m</p>[39m
                    [36m</div>[39m
                    [36m<div[39m
                      [33mclass[39m=[32m"row"[39m
                    [36m>[39m
                      [36m<p>[39m
                        [36m<u>[39m
                          [36m<b>[39m
                            [0mCourses[0m
                          [36m</b>[39m
                        [36m</u>[39m
                      [36m</p>[39m
                      [36m<div[39m
                        [33mclass[39m=[32m"col-sm-4"[39m
                      [36m>[39m
                        [36m<div>[39m
                          [36m<div[39m
                            [33mclass[39m=[32m"App-allignleft"[39m
                          [36m>[39m
                            [36m<button[39m
                              [33mclass[39m=[32m"btn btn-primary"[39m
                              [33mtype[39m=[32m"button"[39m
                            [36m>[39m
                              [0m [0m
                              [0mCISC 106[0m
                              [0m [0m
                            [36m</button>[39m
                          [36m</div>[39m
                        [36m</div>[39m
                        [36m<p />[39m
                      [36m</div>[39m
                      [36m<div[39m
                        [33mclass[39m=[32m"col-sm-4"[39m
                      [36m>[39m
                        [36m<div>[39m
                          [36m<div[39m
                            [33mclass[39m=[32m"App-allignleft"[39m
                          [36m>[39m
                            [36m<button[39m
                              [33mclass[39m=[32m"btn btn-primary"[39m
                              [33mtype[39m=[32m"button"[39m
                            [36m>[39m
                              [0m [0m
                              [0mCISC 108[0m
                              [0m [0m
                            [36m</button>[39m
                          [36m</div>[39m
                        [36m</div>[39m
                        [36m<p />[39m
                      [36m</div>[39m
                    [36m</div>[39m
                    [36m<p />[39m
                    [36m<div[39m
                      [33mclass[39m=[32m"row"[39m
                    [36m>[39m
                      [36m<div[39m
                        [33mclass[39m=[32m"col"[39m
                      [36m>[39m
                        [36m<button[39m
                          [33mclass[39m=[32m"btn btn-success"[39m
                          [33mdata-testid[39m=[32m"addCourseButton"[39m
                          [33mtype[39m=[32m"button"[39m
                        [36m>[39m
                          [0mAdd Course[0m
                        [36m</button>[39m
                        [0m  [0m
                        [36m<button[39m
                          [33mclass[39m=[32m"btn btn-warning"[39m
                          [33mdata-testid[39m=[32m"clearAllCoursesButton"[39m
                          [33mtype[39m=[32m"button"[39m
                        [36m>[39m
                          [0mClear All Courses[0m
                        [36m</button>[39m
                        [0m  [0m
                        [36m<button[39m
                          [33mclass[39m=[32m"btn btn-danger"[39m
                          [33mdata-testid[39m=[32m"editSemesterDetailsButton"[39m
                          [33mtype[39m=[32m"button"[39m
                        [36m>[39m
                          [0mEdit Semester Details[0m
                        [36m</button>[39m
                      [36m</div>[39m
                    [36m</div>[39m
                  [36m</div>[39m
                [36m</div>[39m
              [36m</div>[39m
              [36m<div[39m
                [33mclass[39m=[32m"row"[39m
              [36m>[39m
                [36m<div[39m
                  [33mclass[39m=[32m"col"[39m
                [36m>[39m
                  [36m<button[39m
                    [33mclass[39m=[32m"btn btn-light"[39m
                    [33mdata-testid[39m=[32m"addNewSemesterButton"[39m
                    [33mtype[39m=[32m"button"[39m
                  [36m>[39m
                    [0mAdd New Semester[0m
                  [36m</button>[39m
                  [36m<p />[39m
                  [36m<button[39m
                    [33mclass[39m=[32m"me-4 btn btn-secondary"[39m
                    [33mdata-testid[39m=[32m"editThisPlanButton"[39m
                    [33mtype[39m=[32m"button"[39m
                  [36m>[39m
                    [0mEdit This Plan[0m
                  [36m</button>[39m
                  [0m  [0m
                  [36m<button[39m
                    [33mclass[39m=[32m"me-4 btn btn-warning"[39m
                    [33mdata-testid[39m=[32m"clearThisPlanButton"[39m
                    [33mtype[39m=[32m"button"[39m
                  [36m>[39m
                    [0mClear This Plan[0m
                  [36m</button>[39m
                  [0m  [0m
                  [36m<button[39m
                    [33mclass[39m=[32m"btn btn-danger"[39m
                    [33mdata-testid[39m=[32m"deleteThisPlanButton"[39m
                    [33mtype[39m=[32m"button"[39m
                  [36m>[39m
                    [0mDelete This Plan[0m
                  [36m</button>[39m
                  [36m<p />[39m
                [36m</div>[39m
              [36m</div>[39m
            [36m</div>[39m
            [36m<div[39m
              [33mclass[39m=[32m"col-4"[39m
            [36m>[39m
              [36m<div[39m
                [33mclass[39m=[32m"bg-white border m-2 p-2"[39m
              [36m>[39m
                [36m<div[39m
                  [33mclass[39m=[32m"container"[39m
                [36m>[39m
                  [36m<h4>[39m
                    [36m<b>[39m
                      [36m<u>[39m
                        [0mDegree Requirements[0m
                      [36m</u>[39m
                    [36m</b>[39m
                  [36m</h4>[39m
                  [36m<div>[39m
                    [36m<button[39m
                      [33mclass[39m=[32m"btn btn-secondary"[39m
                      [33mdata-testid[39m=[32m"displayCoursePoolButton"[39m
                      [33mtype[39m=[32m"button"[39m
                    [36m>[39m
                      [0mCourse Pool[0m
                    [36m</button>[39m
                    [36m<p />[39m
                    [36m<button[39m
                      [33mclass[39m=[32m"btn btn-outline-success"[39m
                      [33mtype[39m=[32m"button"[39m
                    [36m>[39m
                      [0mChoose your Concentration[0m
                    [36m</button>[39m
                    [36m<p />[39m
                    [36m<p />[39m
                    [36m<p>[39m
                      [0mConcentration: [0m
                      [0mAI[0m
                    [36m</p>[39m
                    [36m<p />[39m
                    [36m<p>[39m
                      [0mTotal Credits: [0m
                      [0m0[0m
                      [0m / 124[0m
                    [36m</p>[39m
                    [36m<p />[39m
                    [36m<b>[39m
                      [36m<u>[39m
                        [0mCore Requirements:[0m
                      [36m</u>[39m
                    [36m</b>[39m
                  [36m</div>[39m
                  [36m<p />[39m
                  [36m<table[39m
                    [33mclass[39m=[32m"table table-striped table-bordered table-hover"[39m
                  [36m>[39m
                    [36m<thead>[39m
                      [36m<tr>[39m
                        [36m<th>[39m
                          [36m<b>[39m
                            [0mClass[0m
                          [36m</b>[39m
                        [36m</th>[39m
                        [36m<th>[39m
                          [36m<b>[39m
                            [0mTaken[0m
                          [36m</b>[39m
                        [36m</th>[39m
                      [36m</tr>[39m
                    [36m</thead>[39m
                    [36m<tbody>[39m
                      [36m<tr>[39m
                        [36m<td>[39m
                          [0mCISC 108[0m
                        [36m</td>[39m
                        [36m<td>[39m
                          [0m✔️[0m
                        [36m</td>[39m
                      [36m</tr>[39m
                      [36m<tr>[39m
                        [36m<td>[39m
                          [0mCISC 181[0m
                        [36m</td>[39m
                        [36m<td>[39m
                          [0m❌[0m
                        [36m</td>[39m
                      [36m</tr>[39m
                      [36m<tr>[39m
                        [36m<td>[39m
                          [0mCISC 210[0m
                        [36m</td>[39m
                        [36m<td>[39m
                          [0m❌[0m
                        [36m</td>[39m
                      [36m</tr>[39m
                      [36m<tr>[39m
                        [36m<td>[39m
                          [0mCISC 220[0m
                        [36m</td>[39m
                        [36m<td>[39m
                          [0m❌[0m
                        [36m</td>[39m
                      [36m</tr>[39m
                      [36m<tr>[39m
                        [36m<td>[39m
                          [0mCISC 260[0m
                        [36m</td>[39m
                        [36m<td>[39m
                          [0m❌[0m
                        [36m</td>[39m
                      [36m</tr>[39m
                      [36m<tr>[39m
                        [36m<td>[39m
                          [0mCISC 275[0m
                        [36m</td>[39m
                        [36m<td>[39m
                          [0m❌[0m
                        [36m</td>[39m
                      [36m</tr>[39m
                      [36m<tr>[39m
                        [36m<td>[39m
                          [0mCISC 303[0m
                        [36m</td>[39m
                        [36m<td>[39m
                          [0m❌[0m
                        [36m</td>[39m
                      [36m</tr>[39m
                      [36m<tr>[39m
                        [36m<td>[39m
                          [0mCISC 320[0m
                        [36m</td>[39m
                        [36m<td>[39m
                          [0m❌[0m
                        [36m</td>[39m
                      [36m</tr>[39m
                      [36m<tr>[39m
                        [36m<td>[39m
                          [0mMATH 210[0m
                        [36m</td>[39m
                        [36m<td>[39m
                          [0m❌[0m
                        [36m</td>[39m
                      [36m</tr>[39m
                      [36m<tr>[39m
                        [36m<td>[39m
                          [0mMATH 241[0m
                        [36m</td>[39m
                        [36m<td>[39m
                          [0m❌[0m
                        [36m</td>[39m
                      [36m</tr>[39m
                    [36m</tbody>[39m
                  [36m</table>[39m
                  [36m<p />[39m
                  [36m<div>[39m
                    [36m<b>[39m
                      [36m<u>[39m
                        [0mConcentration Requirements:[0m
                      [36m</u>[39m
                    [36m</b>[39m
                  [36m</div>[39m
                  [36m<p />[39m
                [36m</div>[39m
                [36m<table[39m
                  [33mclass[39m=[32m"table table-striped table-bordered table-hover"[39m
                [36m>[39m
                  [36m<thead>[39m
                    [36m<tr>[39m
                      [36m<th>[39m
                        [36m<b>[39m
                          [0mClass[0m
                        [36m</b>[39m
                      [36m</th>[39m
                      [36m<th>[39m
                        [36m<b>[39m
                          [0mTaken[0m
                        [36m</b>[39m
                      [36m</th>[39m
                    [36m</tr>[39m
                  [36m</thead>[39m
                  [36m<tbody>[39m
                    [36m<tr>[39m
                      [36m<td>[39m
                        [0mCISC 304[0m
                      [36m</td>[39m
                      [36m<td>[39m
                        [0m❌[0m
                      [36m</td>[39m
                    [36m</tr>[39m
                    [36m<tr>[39m
                      [36m<td>[39m
                        [0mCISC 442[0m
                      [36m</td>[39m
                      [36m<td>[39m
                        [0m❌[0m
                      [36m</td>[39m
                    [36m</tr>[39m
                    [36m<tr>[39m
                      [36m<td>[39m
                        [0mCISC 481[0m
                      [36m</td>[39m
                      [36m<td>[39m
                        [0m❌[0m
                      [36m</td>[39m
                    [36m</tr>[39m
                    [36m<tr>[39m
                      [36m<td>[39m
                        [0mCISC 483[0m
                      [36m</td>[39m
                      [36m<td>[39m
                        [0m❌[0m
                      [36m</td>[39m
                    [36m</tr>[39m
                    [36m<tr>[39m
                      [36m<td>[39m
                        [0mCISC 484[0m
                      [36m</td>[39m
                      [36m<td>[39m
                        [0m❌[0m
                      [36m</td>[39m
                    [36m</tr>[39m
                  [36m</tbody>[39m
                [36m</table>[39m
              [36m</div>[39m
            [36m</div>[39m
          [36m</div>[39m
        [36m</div>[39m
      [36m</div>[39m
    [36m</body>[39m

      20 |
      21 |     test("Test for the add button within the Display Course Pool Modal", () => {
    > 22 |         const coursePoolButton = screen.getByTestId("coursePoolButton");
         |                                         ^
      23 |         coursePoolButton.click();
      24 |
      25 |         const displayCoursePoolModal = screen.getByText("Course Pool:");

      at Object.getElementError (node_modules/@testing-library/dom/dist/config.js:38:19)
      at node_modules/@testing-library/dom/dist/query-helpers.js:90:38
      at node_modules/@testing-library/dom/dist/query-helpers.js:62:17
      at getByTestId (node_modules/@testing-library/dom/dist/query-helpers.js:111:19)
      at Object.<anonymous> (src/Tests/DisplayCoursePool.test.tsx:22:41)

PASS src/Tests/AddPlan.test.tsx
PASS src/Tests/ExportCSV.test.tsx
PASS src/Tests/AddCourse.test.tsx
PASS src/Tests/ChangePlan.test.tsx
PASS src/Tests/WelcomeModal.test.tsx
------------------------|---------|----------|---------|---------|------------------------
File                    | % Stmts | % Branch | % Funcs | % Lines | Uncovered Line #s      
------------------------|---------|----------|---------|---------|------------------------
All files               |   51.89 |    25.51 |   54.77 |   50.84 |                        
 src                    |   88.46 |       50 |   86.36 |    87.5 |                        
  App.tsx               |   88.46 |       50 |   86.36 |    87.5 | 64-69                  
 src/Components         |   45.73 |    24.46 |   49.62 |   45.47 |                        
  AddCourse.tsx         |   17.07 |       10 |   28.57 |   17.07 | 33-103,121             
  AddCourseHelp.tsx     |       0 |        0 |       0 |       0 | 13-19                  
  AddPlan.tsx           |    87.5 |      100 |   66.66 |    87.5 | 47                     
  AddSemester.tsx       |      50 |        0 |      40 |      50 | 24-39,43,76            
  ChangePlan.tsx        |      70 |      100 |   66.66 |      70 | 20-23                  
  ChangeSemester.tsx    |       0 |        0 |       0 |       0 | 25-95                  
  ClearPlan.tsx         |     100 |      100 |     100 |     100 |                        
  ClearSemester.tsx     |     100 |      100 |     100 |     100 |                        
  DefaultCourse.tsx     |       0 |      100 |       0 |       0 | 7-18                   
  DeleteCourse.tsx      |       0 |        0 |       0 |       0 | 25-42                  
  DeletePlan.tsx        |   84.61 |       50 |     100 |   84.61 | 30-36                  
  DisplayCoursePool.tsx |   48.71 |       60 |   66.66 |   45.94 | 50-80                  
  DisplayCourses.tsx    |   33.84 |    42.85 |   10.52 |   36.66 | 46-106                 
  EditPlan.tsx          |   91.66 |      100 |      80 |   91.66 | 50                     
  ExportCSV.tsx         |   33.33 |      100 |   33.33 |   27.77 | 19-35,56               
  RequirementView.tsx   |   53.65 |    18.75 |   57.14 |   57.14 | 56-71,75               
  SemesterEditor.tsx    |   62.85 |    33.33 |   63.63 |   62.85 | 34,42-49,57-59,105-122 
  SemesterList.tsx      |     100 |      100 |     100 |     100 |                        
  SemesterView.tsx      |     100 |      100 |     100 |     100 |                        
  WelcomeModal.tsx      |   83.33 |      100 |   66.66 |     100 |                        
 src/Interfaces         |     100 |      100 |     100 |     100 |                        
  coursepool.ts         |       0 |        0 |       0 |       0 |                        
  courses.ts            |       0 |        0 |       0 |       0 |                        
  plans.ts              |       0 |        0 |       0 |       0 |                        
  requirements.ts       |     100 |      100 |     100 |     100 |                        
  semester.ts           |       0 |        0 |       0 |       0 |                        
------------------------|---------|----------|---------|---------|------------------------

Test Suites: 2 failed, 11 passed, 13 total
Tests:       3 failed, 30 passed, 33 total
Snapshots:   0 total
Time:        17.683 s
Ran all test suites.
